[2025-09-17T13:03:18.601Z] Parsed data: []
[2025-09-17T13:06:12.369Z] Parsed data: []
[2025-09-17T13:06:14.371Z] Parsed data: []
[2025-09-17T13:12:20.260Z] Parsed data: []
[2025-12-01T09:50:47.337Z] Parsed data: [
  {
    "Criteria": null,
    "Issue Description": "This link is broken. The page could not be found on the target web server.",
    "Remediation": "Fixing this depends on how the link became broken:\n            \n The link has been mistyped and should be fixed \n The destination page has moved and the link should be updated \n The destination page no longer exists and the link should be removed \n A file has been accidentally deleted and should be replaced",
    "Level": "Priority 1",
    "Failing Page": "14",
    "Guideline": [
      {
        "text": "Broken Link HTTP 404",
        "link": "https://developer.mozilla.org/en-US/docs/Web/HTTP/Status/404"
      }
    ],
    "nestedTableData": []
  },
  {
    "Criteria": null,
    "Issue Description": "Spell checking was not enabled for this scan.",
    "Remediation": "If you want to check spelling, set the language using the Edit Scan command in OnDemand.",
    "Level": "Information",
    "Failing Page": "1",
    "Guideline": "",
    "nestedTableData": []
  }
]
[2025-12-01T09:56:59.781Z] Parsed data: [
  {
    "Criteria": null,
    "Issue Description": "This link is broken. The page could not be found on the target web server.",
    "Remediation": "Fixing this depends on how the link became broken:\n            \n The link has been mistyped and should be fixed \n The destination page has moved and the link should be updated \n The destination page no longer exists and the link should be removed \n A file has been accidentally deleted and should be replaced",
    "Level": "Priority 1",
    "Failing Page": "14",
    "Guideline": [
      {
        "text": "Broken Link HTTP 404",
        "link": "https://developer.mozilla.org/en-US/docs/Web/HTTP/Status/404"
      }
    ],
    "nestedTableData": []
  },
  {
    "Criteria": null,
    "Issue Description": "Spell checking was not enabled for this scan.",
    "Remediation": "If you want to check spelling, set the language using the Edit Scan command in OnDemand.",
    "Level": "Information",
    "Failing Page": "1",
    "Guideline": "",
    "nestedTableData": []
  }
]
[2025-12-01T10:16:34.680Z] Parsed data: [
  {
    "Criteria": null,
    "Issue Description": "This link is broken. The page could not be found on the target web server.",
    "Remediation": "Fixing this depends on how the link became broken:\n            \n The link has been mistyped and should be fixed \n The destination page has moved and the link should be updated \n The destination page no longer exists and the link should be removed \n A file has been accidentally deleted and should be replaced",
    "Level": "Priority 1",
    "Failing Page": "14",
    "Guideline": [
      {
        "text": "Broken Link HTTP 404",
        "link": "https://developer.mozilla.org/en-US/docs/Web/HTTP/Status/404"
      }
    ],
    "nestedTableData": []
  },
  {
    "Criteria": null,
    "Issue Description": "Spell checking was not enabled for this scan.",
    "Remediation": "If you want to check spelling, set the language using the Edit Scan command in OnDemand.",
    "Level": "Information",
    "Failing Page": "1",
    "Guideline": "",
    "nestedTableData": []
  }
]
[2025-12-12T05:37:34.374Z] Parsed data: [
  {
    "Criteria": null,
    "Issue Description": "This link is broken. The page could not be found on the target web server.",
    "Remediation": "Fixing this depends on how the link became broken:\n            \n The link has been mistyped and should be fixed \n The destination page has moved and the link should be updated \n The destination page no longer exists and the link should be removed \n A file has been accidentally deleted and should be replaced",
    "Level": "Priority 1",
    "Failing Page": "14",
    "Guideline": [
      {
        "text": "Broken Link HTTP 404",
        "link": "https://developer.mozilla.org/en-US/docs/Web/HTTP/Status/404"
      }
    ],
    "nestedTableData": []
  },
  {
    "Criteria": null,
    "Issue Description": "Spell checking was not enabled for this scan.",
    "Remediation": "If you want to check spelling, set the language using the Edit Scan command in OnDemand.",
    "Level": "Information",
    "Failing Page": "1",
    "Guideline": "",
    "nestedTableData": []
  }
]
